### TITLE ###
NumericUnionArithmetic
### DESCRIPTION ###
An `int|float` operand against an int literal is valid for arithmetic
- both arms are numeric - and yields `int|float`. Operators decompose
a numeric union over its arms rather than rejecting it.
### INPUT ###
fn f(x: int|float):
    y = x - 1
    z = x * 2
### STDOUT ###
# Identifier types
  y @ 2:5 -> <no-type>
  x @ 2:9 -> int|float
  z @ 3:5 -> <no-type>
  x @ 3:9 -> int|float

# Symbol types
  f (fn): fn(int|float) -> void
  x (param): int|float
  y (local): int|float
  z (local): int|float

# Diagnostics
  (none)
### TITLE ###
NumericUnionComparison
### DESCRIPTION ###
The same decomposition applies to comparisons: `int|float > int` is
valid and yields bool.
### INPUT ###
fn f(x: int|float):
    b = x > 0
### STDOUT ###
# Identifier types
  b @ 2:5 -> <no-type>
  x @ 2:9 -> int|float

# Symbol types
  b (local): bool
  f (fn): fn(int|float) -> void
  x (param): int|float

# Diagnostics
  (none)
### TITLE ###
NonNumericUnionStillFlags
### DESCRIPTION ###
A union with a non-numeric arm (`int|str`) can't do arithmetic - the
str arm has no `- int` overload - so it still flags, and as a Hint
(one arm might fit at runtime), not a gating Error.
### INPUT ###
fn f(x: int|str):
    y = x - 1
### STDOUT ###
# Identifier types
  y @ 2:5 -> <no-type>
  x @ 2:9 -> int|str

# Symbol types
  f (fn): fn(int|str) -> void
  x (param): int|str
  y (local): <error>

# Diagnostics
  [hint] RAD30002 @ 2:9 - Invalid operand types: cannot do 'int|str - int'
### TITLE ###
DynamicArmUnionIsLenient
### DESCRIPTION ###
A union with a dynamic-like arm gets the same leniency as a bare
dynamic operand: `int|dynamic <= int` and `int|dynamic - int` are
acceptable - the dynamic arm means "we couldn't pin a type", not a
concrete mismatch. Such unions arise naturally from gradually-typed
code (e.g. a var assigned int in one branch and an untyped fn's
result in another). Regression lock from field notes (#139), where
legitimate error-handling code drew `int|dynamic <= int` hints.
### INPUT ###
fn f(d):
    x = 1
    if d.cond:
        x = d.field
    b = x <= 5
    y = x - 1
### STDOUT ###
# Identifier types
  x @ 2:5 -> <no-type>
  d @ 3:8 -> dynamic
  x @ 4:9 -> <no-type>
  d @ 4:13 -> dynamic
  b @ 5:5 -> <no-type>
  x @ 5:9 -> dynamic|int
  y @ 6:5 -> <no-type>
  x @ 6:9 -> dynamic|int

# Symbol types
  b (local): bool
  d (param): <no-type>
  f (fn): fn(any) -> void
  x (local): dynamic
  y (local): dynamic|int

# Diagnostics
  (none)
### TITLE ###
DynamicArmUnionConcreteMismatchStillFlags
### DESCRIPTION ###
Leniency only covers the dynamic arm. A concrete non-numeric arm in
the same union still can't do arithmetic, so `int|dynamic|str - int`
flags (as a Hint - some arms might fit at runtime).
### INPUT ###
fn f(d):
    x = 1
    if d.cond:
        x = d.field
    if d.other:
        x = "s"
    y = x - 1
### STDOUT ###
# Identifier types
  x @ 2:5 -> <no-type>
  d @ 3:8 -> dynamic
  x @ 4:9 -> <no-type>
  d @ 4:13 -> dynamic
  d @ 5:8 -> dynamic
  x @ 6:9 -> <no-type>
  y @ 7:5 -> <no-type>
  x @ 7:9 -> str|dynamic|int

# Symbol types
  d (param): <no-type>
  f (fn): fn(any) -> void
  x (local): str
  y (local): <error>

# Diagnostics
  [hint] RAD30002 @ 7:9 - Invalid operand types: cannot do 'str|dynamic|int - int'
