### TITLE ###
Help
### INPUT ###
args:
    pair str[]        # Exactly two.
    sample int[]
    ports int[]
    trailing str[]

    pair len [2,2]
    sample len [3,5)
    ports len [1,]
    trailing len (,4]
### ARGS ###
--help
### STDOUT ###
Usage:
  TestCase <pair...> [OPTIONS]

Script args:
      --pair strs       Exactly two. Length: [2, 2]
      --sample ints     Length: [3, 5)
      --ports ints      Length: [1, )
      --trailing strs   Length: (, 4]

Global options:
  -h, --help               Print usage string.
  -i, --interactive        Interactively prompt for script args not already provided, then run.
  -d, --debug              Enables debug output. Intended for Rad script developers.
      --color mode         Control output colorization. Valid values: [auto, always, never] (default auto)
  -q, --quiet              Suppresses some output.
      --confirm-shell      Confirm all shell commands before running them.
      --tls-insecure       Skip TLS certificate verification for all HTTP requests.
      --src                Instead of running the target script, just print it out.
      --reply line:value   Answer a prompt when there's no terminal. Repeatable; repeat a line to answer it again.
      --reply-na line      Assert a prompt won't be reached on this run; rad fails cleanly if it is.

### TITLE ###
Too few values
### INPUT ###
args:
    pair str[]
    pair len [2,2]
print(pair)
### ARGS ###
a
### STDERR ###
'pair' takes at least 2 values, got 1

Usage:
  TestCase <pair...> [OPTIONS]

Script args:
      --pair strs   Length: [2, 2]

Global options:
  -h, --help               Print usage string.
  -i, --interactive        Interactively prompt for script args not already provided, then run.
  -d, --debug              Enables debug output. Intended for Rad script developers.
      --color mode         Control output colorization. Valid values: [auto, always, never] (default auto)
  -q, --quiet              Suppresses some output.
      --confirm-shell      Confirm all shell commands before running them.
      --tls-insecure       Skip TLS certificate verification for all HTTP requests.
      --src                Instead of running the target script, just print it out.
      --reply line:value   Answer a prompt when there's no terminal. Repeatable; repeat a line to answer it again.
      --reply-na line      Assert a prompt won't be reached on this run; rad fails cleanly if it is.
### EXIT ###
1

### TITLE ###
Exact count passes
### INPUT ###
args:
    pair str[]
    pair len [2,2]
print(pair)
### ARGS ###
a
b
### STDOUT ###
[ "a", "b" ]

### TITLE ###
Len and range together
### INPUT ###
args:
    scores int[]
    scores range [0, 100]
    scores len [2,]
print(scores)
### ARGS ###
50
### STDERR ###
'scores' takes at least 2 values, got 1

Usage:
  TestCase <scores...> [OPTIONS]

Script args:
      --scores ints   Range: [0, 100]. Length: [2, )

Global options:
  -h, --help               Print usage string.
  -i, --interactive        Interactively prompt for script args not already provided, then run.
  -d, --debug              Enables debug output. Intended for Rad script developers.
      --color mode         Control output colorization. Valid values: [auto, always, never] (default auto)
  -q, --quiet              Suppresses some output.
      --confirm-shell      Confirm all shell commands before running them.
      --tls-insecure       Skip TLS certificate verification for all HTTP requests.
      --src                Instead of running the target script, just print it out.
      --reply line:value   Answer a prompt when there's no terminal. Repeatable; repeat a line to answer it again.
      --reply-na line      Assert a prompt won't be reached on this run; rad fails cleanly if it is.
### EXIT ###
1
