### TITLE ###
Args repeat unarys
### INPUT ###
args:
    age int = ++-+--30
### STDOUT ###
B: [ 0, 28] PS: [0,  0] PE: [1, 22] source_file
B: [ 0, 28] PS: [0,  0] PE: [1, 22]   arg_block
B: [ 0,  4] PS: [0,  0] PE: [0,  4]     args `args`
B: [ 4,  5] PS: [0,  4] PE: [0,  5]     : `:`
B: [10, 28] PS: [1,  4] PE: [1, 22]     declaration: arg_declaration
B: [10, 13] PS: [1,  4] PE: [1,  7]       arg_name: identifier `age`
B: [14, 17] PS: [1,  8] PE: [1, 11]       type: int_type `int`
B: [18, 19] PS: [1, 12] PE: [1, 13]       = `=`
B: [20, 28] PS: [1, 14] PE: [1, 22]       default: int_arg
B: [20, 21] PS: [1, 14] PE: [1, 15]         op: + `+`
B: [21, 22] PS: [1, 15] PE: [1, 16]         op: + `+`
B: [22, 23] PS: [1, 16] PE: [1, 17]         op: - `-`
B: [23, 24] PS: [1, 17] PE: [1, 18]         op: + `+`
B: [24, 25] PS: [1, 18] PE: [1, 19]         op: - `-`
B: [25, 26] PS: [1, 19] PE: [1, 20]         op: - `-`
B: [26, 28] PS: [1, 20] PE: [1, 22]         value: int `30`

