### TITLE ###
Typing variadic
### INPUT ###
fn aaa(a, b):
        pass

fn bbb(a, *, b):
        pass

fn ccc(a, *, *b):  // error
        pass

fn ddd(a, *b):
        pass

fn eee(a, *b, c): // error
        pass

fn fff(a, *b, *, c):
        pass

fn ggg(a, *b?): // error
        pass
        pass

fn hhh(*, a):
        pass
### EXPECTED ###
B: [  0, 284] PS: [ 0,  0] PE: [23, 12] source_file
B: [  0,  26] PS: [ 0,  0] PE: [ 1, 12]   fn_named
B: [  0,   2] PS: [ 0,  0] PE: [ 0,  2]     keyword: fn `fn`
B: [  3,   6] PS: [ 0,  3] PE: [ 0,  6]     name: identifier `aaa`
B: [  6,   7] PS: [ 0,  6] PE: [ 0,  7]     ( `(`
B: [  7,   8] PS: [ 0,  7] PE: [ 0,  8]     normal_param: normal_param
B: [  7,   8] PS: [ 0,  7] PE: [ 0,  8]       name: identifier `a`
B: [  8,   9] PS: [ 0,  8] PE: [ 0,  9]     , `,`
B: [ 10,  11] PS: [ 0, 10] PE: [ 0, 11]     normal_param: normal_param
B: [ 10,  11] PS: [ 0, 10] PE: [ 0, 11]       name: identifier `b`
B: [ 11,  12] PS: [ 0, 11] PE: [ 0, 12]     ) `)`
B: [ 12,  13] PS: [ 0, 12] PE: [ 0, 13]     block_colon: : `:`
B: [ 22,  26] PS: [ 1,  8] PE: [ 1, 12]     stmt: pass_stmt `pass`
B: [ 28,  57] PS: [ 3,  0] PE: [ 4, 12]   fn_named
B: [ 28,  30] PS: [ 3,  0] PE: [ 3,  2]     keyword: fn `fn`
B: [ 31,  34] PS: [ 3,  3] PE: [ 3,  6]     name: identifier `bbb`
B: [ 34,  35] PS: [ 3,  6] PE: [ 3,  7]     ( `(`
B: [ 35,  36] PS: [ 3,  7] PE: [ 3,  8]     normal_param: normal_param
B: [ 35,  36] PS: [ 3,  7] PE: [ 3,  8]       name: identifier `a`
B: [ 36,  37] PS: [ 3,  8] PE: [ 3,  9]     , `,`
B: [ 38,  39] PS: [ 3, 10] PE: [ 3, 11]     * `*`
B: [ 39,  40] PS: [ 3, 11] PE: [ 3, 12]     , `,`
B: [ 41,  42] PS: [ 3, 13] PE: [ 3, 14]     named_only_param: normal_param
B: [ 41,  42] PS: [ 3, 13] PE: [ 3, 14]       name: identifier `b`
B: [ 42,  43] PS: [ 3, 14] PE: [ 3, 15]     ) `)`
B: [ 43,  44] PS: [ 3, 15] PE: [ 3, 16]     block_colon: : `:`
B: [ 53,  57] PS: [ 4,  8] PE: [ 4, 12]     stmt: pass_stmt `pass`
B: [ 59,  99] PS: [ 6,  0] PE: [ 7, 12]   fn_named
B: [ 59,  61] PS: [ 6,  0] PE: [ 6,  2]     keyword: fn `fn`
B: [ 62,  65] PS: [ 6,  3] PE: [ 6,  6]     name: identifier `ccc`
B: [ 65,  66] PS: [ 6,  6] PE: [ 6,  7]     ( `(`
B: [ 66,  67] PS: [ 6,  7] PE: [ 6,  8]     normal_param: normal_param
B: [ 66,  67] PS: [ 6,  7] PE: [ 6,  8]       name: identifier `a`
B: [ 67,  68] PS: [ 6,  8] PE: [ 6,  9]     , `,`
B: [ 69,  70] PS: [ 6, 10] PE: [ 6, 11]     * `*`
B: [ 70,  74] PS: [ 6, 11] PE: [ 6, 15]     ERROR
B: [ 70,  71] PS: [ 6, 11] PE: [ 6, 12]       , `,`
B: [ 72,  73] PS: [ 6, 13] PE: [ 6, 14]       * `*`
B: [ 73,  74] PS: [ 6, 14] PE: [ 6, 15]       shorthand_flag `b`
B: [ 74,  75] PS: [ 6, 15] PE: [ 6, 16]     ) `)`
B: [ 75,  76] PS: [ 6, 16] PE: [ 6, 17]     block_colon: : `:`
B: [ 78,  86] PS: [ 6, 19] PE: [ 6, 27]     comment `// error`
B: [ 95,  99] PS: [ 7,  8] PE: [ 7, 12]     stmt: pass_stmt `pass`
B: [101, 128] PS: [ 9,  0] PE: [10, 12]   fn_named
B: [101, 103] PS: [ 9,  0] PE: [ 9,  2]     keyword: fn `fn`
B: [104, 107] PS: [ 9,  3] PE: [ 9,  6]     name: identifier `ddd`
B: [107, 108] PS: [ 9,  6] PE: [ 9,  7]     ( `(`
B: [108, 109] PS: [ 9,  7] PE: [ 9,  8]     normal_param: normal_param
B: [108, 109] PS: [ 9,  7] PE: [ 9,  8]       name: identifier `a`
B: [109, 110] PS: [ 9,  8] PE: [ 9,  9]     , `,`
B: [111, 113] PS: [ 9, 10] PE: [ 9, 12]     vararg_param: vararg_param
B: [111, 112] PS: [ 9, 10] PE: [ 9, 11]       vararg_marker: * `*`
B: [112, 113] PS: [ 9, 11] PE: [ 9, 12]       name: identifier `b`
B: [113, 114] PS: [ 9, 12] PE: [ 9, 13]     ) `)`
B: [114, 115] PS: [ 9, 13] PE: [ 9, 14]     block_colon: : `:`
B: [124, 128] PS: [10,  8] PE: [10, 12]     stmt: pass_stmt `pass`
B: [130, 169] PS: [12,  0] PE: [13, 12]   fn_named
B: [130, 132] PS: [12,  0] PE: [12,  2]     keyword: fn `fn`
B: [133, 136] PS: [12,  3] PE: [12,  6]     name: identifier `eee`
B: [136, 137] PS: [12,  6] PE: [12,  7]     ( `(`
B: [137, 138] PS: [12,  7] PE: [12,  8]     normal_param: normal_param
B: [137, 138] PS: [12,  7] PE: [12,  8]       name: identifier `a`
B: [138, 139] PS: [12,  8] PE: [12,  9]     , `,`
B: [140, 142] PS: [12, 10] PE: [12, 12]     vararg_param: vararg_param
B: [140, 141] PS: [12, 10] PE: [12, 11]       vararg_marker: * `*`
B: [141, 142] PS: [12, 11] PE: [12, 12]       name: identifier `b`
B: [142, 145] PS: [12, 12] PE: [12, 15]     ERROR
B: [142, 143] PS: [12, 12] PE: [12, 13]       , `,`
B: [144, 145] PS: [12, 14] PE: [12, 15]       identifier `c`
B: [145, 146] PS: [12, 15] PE: [12, 16]     ) `)`
B: [146, 147] PS: [12, 16] PE: [12, 17]     block_colon: : `:`
B: [148, 156] PS: [12, 18] PE: [12, 26]     comment `// error`
B: [165, 169] PS: [13,  8] PE: [13, 12]     stmt: pass_stmt `pass`
B: [171, 204] PS: [15,  0] PE: [16, 12]   fn_named
B: [171, 173] PS: [15,  0] PE: [15,  2]     keyword: fn `fn`
B: [174, 177] PS: [15,  3] PE: [15,  6]     name: identifier `fff`
B: [177, 178] PS: [15,  6] PE: [15,  7]     ( `(`
B: [178, 179] PS: [15,  7] PE: [15,  8]     normal_param: normal_param
B: [178, 179] PS: [15,  7] PE: [15,  8]       name: identifier `a`
B: [179, 180] PS: [15,  8] PE: [15,  9]     , `,`
B: [181, 183] PS: [15, 10] PE: [15, 12]     vararg_param: vararg_param
B: [181, 182] PS: [15, 10] PE: [15, 11]       vararg_marker: * `*`
B: [182, 183] PS: [15, 11] PE: [15, 12]       name: identifier `b`
B: [183, 184] PS: [15, 12] PE: [15, 13]     , `,`
B: [185, 186] PS: [15, 14] PE: [15, 15]     * `*`
B: [186, 187] PS: [15, 15] PE: [15, 16]     , `,`
B: [188, 189] PS: [15, 17] PE: [15, 18]     named_only_param: normal_param
B: [188, 189] PS: [15, 17] PE: [15, 18]       name: identifier `c`
B: [189, 190] PS: [15, 18] PE: [15, 19]     ) `)`
B: [190, 191] PS: [15, 19] PE: [15, 20]     block_colon: : `:`
B: [200, 204] PS: [16,  8] PE: [16, 12]     stmt: pass_stmt `pass`
B: [206, 256] PS: [18,  0] PE: [20, 12]   fn_named
B: [206, 208] PS: [18,  0] PE: [18,  2]     keyword: fn `fn`
B: [209, 212] PS: [18,  3] PE: [18,  6]     name: identifier `ggg`
B: [212, 213] PS: [18,  6] PE: [18,  7]     ( `(`
B: [213, 214] PS: [18,  7] PE: [18,  8]     normal_param: normal_param
B: [213, 214] PS: [18,  7] PE: [18,  8]       name: identifier `a`
B: [214, 215] PS: [18,  8] PE: [18,  9]     , `,`
B: [216, 218] PS: [18, 10] PE: [18, 12]     vararg_param: vararg_param
B: [216, 217] PS: [18, 10] PE: [18, 11]       vararg_marker: * `*`
B: [217, 218] PS: [18, 11] PE: [18, 12]       name: identifier `b`
B: [218, 219] PS: [18, 12] PE: [18, 13]     ERROR
B: [218, 219] PS: [18, 12] PE: [18, 13]       ? `?`
B: [219, 220] PS: [18, 13] PE: [18, 14]     ) `)`
B: [220, 221] PS: [18, 14] PE: [18, 15]     block_colon: : `:`
B: [222, 230] PS: [18, 16] PE: [18, 24]     comment `// error`
B: [239, 243] PS: [19,  8] PE: [19, 12]     stmt: pass_stmt `pass`
B: [252, 256] PS: [20,  8] PE: [20, 12]     stmt: pass_stmt `pass`
B: [258, 284] PS: [22,  0] PE: [23, 12]   fn_named
B: [258, 260] PS: [22,  0] PE: [22,  2]     keyword: fn `fn`
B: [261, 264] PS: [22,  3] PE: [22,  6]     name: identifier `hhh`
B: [264, 265] PS: [22,  6] PE: [22,  7]     ( `(`
B: [265, 266] PS: [22,  7] PE: [22,  8]     * `*`
B: [266, 267] PS: [22,  8] PE: [22,  9]     , `,`
B: [268, 269] PS: [22, 10] PE: [22, 11]     named_only_param: normal_param
B: [268, 269] PS: [22, 10] PE: [22, 11]       name: identifier `a`
B: [269, 270] PS: [22, 11] PE: [22, 12]     ) `)`
B: [270, 271] PS: [22, 12] PE: [22, 13]     block_colon: : `:`
B: [280, 284] PS: [23,  8] PE: [23, 12]     stmt: pass_stmt `pass`
