### TITLE ###
GetPath_DoesNotExist
### INPUT ###
p = "does_not_exist"
path = get_path(p)
print(path.keys())
vals = path.values()
print("/{p}" in str(vals))
### STDOUT ###
[ "exists", "full_path" ]
true

### TITLE ###
GetPath_ModifiedMillis
### INPUT ###
path = get_path("data/test_file.txt")
mtime = path.modified_millis

// Should be newer than 2003
print(mtime > 1065885429278)
// Should be in the past or present (before year 2100)
print(mtime < 4102444800000)  // 2100-01-01 in millis
### STDOUT ###
true
true

### TITLE ###
GetPath_ModifiedMillis_Dir
### INPUT ###
path = get_path("data")
print("modified_millis" in path.keys())
print(path.modified_millis > 1065885429278)
### STDOUT ###
true
true

