### TITLE ###
Integers and floats
### INPUT ###
a = 42
b = 3.14
c = 1_000
### STDOUT ###
SourceFile [0:0-2:9]
  Assign [0:0-0:6]
    Identifier "a" [0:0-0:1]
    LitInt 42 [0:4-0:6]
  Assign [1:0-1:8]
    Identifier "b" [1:0-1:1]
    LitFloat 3.14 [1:4-1:8]
  Assign [2:0-2:9]
    Identifier "c" [2:0-2:1]
    LitInt 1000 [2:4-2:9]

### TITLE ###
Booleans and null
### INPUT ###
a = true
b = false
c = null
### STDOUT ###
SourceFile [0:0-2:8]
  Assign [0:0-0:8]
    Identifier "a" [0:0-0:1]
    LitBool true [0:4-0:8]
  Assign [1:0-1:9]
    Identifier "b" [1:0-1:1]
    LitBool false [1:4-1:9]
  Assign [2:0-2:8]
    Identifier "c" [2:0-2:1]
    LitNull [2:4-2:8]

### TITLE ###
Scientific notation
### INPUT ###
a = 1e3
b = 1.5e2
c = 2e-1
### STDOUT ###
SourceFile [0:0-2:8]
  Assign [0:0-0:7]
    Identifier "a" [0:0-0:1]
    LitInt 1000 [0:4-0:7]
  Assign [1:0-1:9]
    Identifier "b" [1:0-1:1]
    LitInt 150 [1:4-1:9]
  Assign [2:0-2:8]
    Identifier "c" [2:0-2:1]
    LitFloat 0.2 [2:4-2:8]

### TITLE ###
Empty string
### INPUT ###
a = ""
### STDOUT ###
SourceFile [0:0-0:6]
  Assign [0:0-0:6]
    Identifier "a" [0:0-0:1]
    LitString "" [0:4-0:6]

### TITLE ###
Simple strings with escapes
### INPUT ###
a = "hello\nworld"
b = "tab\there"
c = "back\\slash"
### STDOUT ###
SourceFile [0:0-2:17]
  Assign [0:0-0:18]
    Identifier "a" [0:0-0:1]
    LitString "hello\nworld" [0:4-0:18]
  Assign [1:0-1:15]
    Identifier "b" [1:0-1:1]
    LitString "tab\there" [1:4-1:15]
  Assign [2:0-2:17]
    Identifier "c" [2:0-2:1]
    LitString "back\\slash" [2:4-2:17]

### TITLE ###
Interpolated string
### INPUT ###
a = "hello {name} world"
### STDOUT ###
SourceFile [0:0-0:24]
  Assign [0:0-0:24]
    Identifier "a" [0:0-0:1]
    LitString (interpolated, 3 segments) [0:4-0:24]
      Literal "hello "
      Interpolation
        Identifier "name" [0:12-0:16]
      Literal " world"

### TITLE ###
List literal
### INPUT ###
a = [1, 2, 3]
### STDOUT ###
SourceFile [0:0-0:13]
  Assign [0:0-0:13]
    Identifier "a" [0:0-0:1]
    LitList (3 elements) [0:4-0:13]
      LitInt 1 [0:5-0:6]
      LitInt 2 [0:8-0:9]
      LitInt 3 [0:11-0:12]

### TITLE ###
Map literal
### INPUT ###
a = {"x": 1, "y": 2}
### STDOUT ###
SourceFile [0:0-0:20]
  Assign [0:0-0:20]
    Identifier "a" [0:0-0:1]
    LitMap (2 entries) [0:4-0:20]
      Entry
        LitString "x" [0:5-0:8]
        LitInt 1 [0:10-0:11]
      Entry
        LitString "y" [0:13-0:16]
        LitInt 2 [0:18-0:19]

