### TITLE ###
Args int as float default
### INPUT ###
args:
    floatArg float = 2
### STDOUT ###
B: [ 0, 28] PS: [0,  0] PE: [1, 22] source_file
B: [ 0, 28] PS: [0,  0] PE: [1, 22]   arg_block
B: [ 0,  4] PS: [0,  0] PE: [0,  4]     args `args`
B: [ 4,  5] PS: [0,  4] PE: [0,  5]     : `:`
B: [10, 28] PS: [1,  4] PE: [1, 22]     declaration: arg_declaration
B: [10, 18] PS: [1,  4] PE: [1, 12]       arg_name: identifier `floatArg`
B: [19, 24] PS: [1, 13] PE: [1, 18]       type: float_type `float`
B: [25, 26] PS: [1, 19] PE: [1, 20]       = `=`
B: [27, 28] PS: [1, 21] PE: [1, 22]       default: float_arg
B: [27, 28] PS: [1, 21] PE: [1, 22]         value: int `2`

### STDERR ###
PS: [0,  0] PE: [1, 22] SourceFile
PS: [0,  0] PE: [1, 22]   ArgBlock
PS: [1,  4] PE: [1, 22]     ArgDecl "floatArg" type=float
                            Default:
PS: [1, 21] PE: [1, 22]         LitInt 2

