### TITLE ###
Basic commands
### INPUT ###
#!/usr/bin/env rad
---
Script description
---

args:
    verbose v bool
    config str = "~/.config"

command add:
    ---
    Add a file to the repository
    ---
    file str          # The file to add
    force f bool      # Force add
    file regex "/.*"
    calls on_add

command remove:
    ---
    Remove a file
    ---
    file str
    calls on_remove

load_config(config)
if verbose:
    print("Verbose mode enabled")

fn on_add():
    // verbose, config, file, force all in scope
    print("Adding {file}")

fn on_remove():
    // verbose, config, file in scope (no force)
    print("Removing {file}")
### STDOUT ###
B: [  0, 611] PS: [ 0,  0] PE: [35, 28] source_file
B: [  0,  18] PS: [ 0,  0] PE: [ 0, 18]   shebang `#!/usr/bin/env rad`
B: [ 19,  47] PS: [ 1,  0] PE: [ 5,  0]   file_header
B: [ 19,  22] PS: [ 1,  0] PE: [ 1,  3]     --- `---`
B: [ 23,  42] PS: [ 2,  0] PE: [ 3,  0]     contents: file_header_contents `Script description\n`
B: [ 42,  45] PS: [ 3,  0] PE: [ 3,  3]     --- `---`
B: [ 47, 100] PS: [ 5,  0] PE: [ 7, 28]   arg_block
B: [ 47,  51] PS: [ 5,  0] PE: [ 5,  4]     args `args`
B: [ 51,  52] PS: [ 5,  4] PE: [ 5,  5]     : `:`
B: [ 57,  71] PS: [ 6,  4] PE: [ 6, 18]     declaration: arg_declaration
B: [ 57,  64] PS: [ 6,  4] PE: [ 6, 11]       arg_name: identifier `verbose`
B: [ 65,  66] PS: [ 6, 12] PE: [ 6, 13]       shorthand: shorthand_flag `v`
B: [ 67,  71] PS: [ 6, 14] PE: [ 6, 18]       type: bool_type `bool`
B: [ 76, 100] PS: [ 7,  4] PE: [ 7, 28]     declaration: arg_declaration
B: [ 76,  82] PS: [ 7,  4] PE: [ 7, 10]       arg_name: identifier `config`
B: [ 83,  86] PS: [ 7, 11] PE: [ 7, 14]       type: string_type `str`
B: [ 87,  88] PS: [ 7, 15] PE: [ 7, 16]       = `=`
B: [ 89, 100] PS: [ 7, 17] PE: [ 7, 28]       default: string
B: [ 89,  90] PS: [ 7, 17] PE: [ 7, 18]         start: string_start `"`
B: [ 90,  99] PS: [ 7, 18] PE: [ 7, 27]         contents: string_contents
B: [ 90,  99] PS: [ 7, 18] PE: [ 7, 27]           content: string_content `~/.config`
B: [ 99, 100] PS: [ 7, 27] PE: [ 7, 28]         end: string_end `"`
B: [102, 275] PS: [ 9,  0] PE: [16, 16]   cmd_block
B: [102, 109] PS: [ 9,  0] PE: [ 9,  7]     command `command`
B: [110, 113] PS: [ 9,  8] PE: [ 9, 11]     name: identifier `add`
B: [113, 114] PS: [ 9, 11] PE: [ 9, 12]     : `:`
B: [119, 164] PS: [10,  4] PE: [13,  0]     description: cmd_description
B: [119, 122] PS: [10,  4] PE: [10,  7]       --- `---`
B: [123, 156] PS: [11,  0] PE: [12,  0]       contents: cmd_description_contents `    Add a file to the repository\n`
B: [156, 163] PS: [12,  0] PE: [12,  7]       --- `    ---`
B: [168, 203] PS: [13,  4] PE: [13, 39]     declaration: arg_declaration
B: [168, 172] PS: [13,  4] PE: [13,  8]       arg_name: identifier `file`
B: [173, 176] PS: [13,  9] PE: [13, 12]       type: string_type `str`
B: [188, 203] PS: [13, 24] PE: [13, 39]       comment: comment_text `The file to add`
B: [208, 237] PS: [14,  4] PE: [14, 33]     declaration: arg_declaration
B: [208, 213] PS: [14,  4] PE: [14,  9]       arg_name: identifier `force`
B: [214, 215] PS: [14, 10] PE: [14, 11]       shorthand: shorthand_flag `f`
B: [216, 220] PS: [14, 12] PE: [14, 16]       type: bool_type `bool`
B: [228, 237] PS: [14, 24] PE: [14, 33]       comment: comment_text `Force add`
B: [242, 258] PS: [15,  4] PE: [15, 20]     regex_constraint: arg_regex_constraint
B: [242, 246] PS: [15,  4] PE: [15,  8]       arg_name: identifier `file`
B: [247, 252] PS: [15,  9] PE: [15, 14]       regex `regex`
B: [253, 258] PS: [15, 15] PE: [15, 20]       regex: string
B: [253, 254] PS: [15, 15] PE: [15, 16]         start: string_start `"`
B: [254, 257] PS: [15, 16] PE: [15, 19]         contents: string_contents
B: [254, 257] PS: [15, 16] PE: [15, 19]           content: string_content `/.*`
B: [257, 258] PS: [15, 19] PE: [15, 20]         end: string_end `"`
B: [263, 275] PS: [16,  4] PE: [16, 16]     calls: cmd_calls
B: [263, 268] PS: [16,  4] PE: [16,  9]       calls `calls`
B: [269, 275] PS: [16, 10] PE: [16, 16]       callback_identifier: identifier `on_add`
B: [277, 359] PS: [18,  0] PE: [23, 19]   cmd_block
B: [277, 284] PS: [18,  0] PE: [18,  7]     command `command`
B: [285, 291] PS: [18,  8] PE: [18, 14]     name: identifier `remove`
B: [291, 292] PS: [18, 14] PE: [18, 15]     : `:`
B: [297, 327] PS: [19,  4] PE: [22,  0]     description: cmd_description
B: [297, 300] PS: [19,  4] PE: [19,  7]       --- `---`
B: [301, 319] PS: [20,  0] PE: [21,  0]       contents: cmd_description_contents `    Remove a file\n`
B: [319, 326] PS: [21,  0] PE: [21,  7]       --- `    ---`
B: [331, 339] PS: [22,  4] PE: [22, 12]     declaration: arg_declaration
B: [331, 335] PS: [22,  4] PE: [22,  8]       arg_name: identifier `file`
B: [336, 339] PS: [22,  9] PE: [22, 12]       type: string_type `str`
B: [344, 359] PS: [23,  4] PE: [23, 19]     calls: cmd_calls
B: [344, 349] PS: [23,  4] PE: [23,  9]       calls `calls`
B: [350, 359] PS: [23, 10] PE: [23, 19]       callback_identifier: identifier `on_remove`
B: [361, 380] PS: [25,  0] PE: [25, 19]   expr_stmt
B: [361, 380] PS: [25,  0] PE: [25, 19]     expr: expr
B: [361, 380] PS: [25,  0] PE: [25, 19]       delegate: ternary_expr
B: [361, 380] PS: [25,  0] PE: [25, 19]         delegate: or_expr
B: [361, 380] PS: [25,  0] PE: [25, 19]           delegate: and_expr
B: [361, 380] PS: [25,  0] PE: [25, 19]             delegate: compare_expr
B: [361, 380] PS: [25,  0] PE: [25, 19]               delegate: add_expr
B: [361, 380] PS: [25,  0] PE: [25, 19]                 delegate: mult_expr
B: [361, 380] PS: [25,  0] PE: [25, 19]                   delegate: unary_expr
B: [361, 380] PS: [25,  0] PE: [25, 19]                     delegate: fallback_expr
B: [361, 380] PS: [25,  0] PE: [25, 19]                       delegate: indexed_expr
B: [361, 380] PS: [25,  0] PE: [25, 19]                         root: primary_expr
B: [361, 380] PS: [25,  0] PE: [25, 19]                           call
B: [361, 372] PS: [25,  0] PE: [25, 11]                             func: identifier `load_config`
B: [372, 373] PS: [25, 11] PE: [25, 12]                             ( `(`
B: [373, 379] PS: [25, 12] PE: [25, 18]                             arg: expr
B: [373, 379] PS: [25, 12] PE: [25, 18]                               delegate: ternary_expr
B: [373, 379] PS: [25, 12] PE: [25, 18]                                 delegate: or_expr
B: [373, 379] PS: [25, 12] PE: [25, 18]                                   delegate: and_expr
B: [373, 379] PS: [25, 12] PE: [25, 18]                                     delegate: compare_expr
B: [373, 379] PS: [25, 12] PE: [25, 18]                                       delegate: add_expr
B: [373, 379] PS: [25, 12] PE: [25, 18]                                         delegate: mult_expr
B: [373, 379] PS: [25, 12] PE: [25, 18]                                           delegate: unary_expr
B: [373, 379] PS: [25, 12] PE: [25, 18]                                             delegate: fallback_expr
B: [373, 379] PS: [25, 12] PE: [25, 18]                                               delegate: var_path
B: [373, 379] PS: [25, 12] PE: [25, 18]                                                 root: identifier `config`
B: [379, 380] PS: [25, 18] PE: [25, 19]                             ) `)`
B: [381, 426] PS: [26,  0] PE: [27, 33]   if_stmt
B: [381, 426] PS: [26,  0] PE: [27, 33]     alt: if_alt
B: [381, 383] PS: [26,  0] PE: [26,  2]       if `if`
B: [384, 391] PS: [26,  3] PE: [26, 10]       condition: expr
B: [384, 391] PS: [26,  3] PE: [26, 10]         delegate: ternary_expr
B: [384, 391] PS: [26,  3] PE: [26, 10]           delegate: or_expr
B: [384, 391] PS: [26,  3] PE: [26, 10]             delegate: and_expr
B: [384, 391] PS: [26,  3] PE: [26, 10]               delegate: compare_expr
B: [384, 391] PS: [26,  3] PE: [26, 10]                 delegate: add_expr
B: [384, 391] PS: [26,  3] PE: [26, 10]                   delegate: mult_expr
B: [384, 391] PS: [26,  3] PE: [26, 10]                     delegate: unary_expr
B: [384, 391] PS: [26,  3] PE: [26, 10]                       delegate: fallback_expr
B: [384, 391] PS: [26,  3] PE: [26, 10]                         delegate: var_path
B: [384, 391] PS: [26,  3] PE: [26, 10]                           root: identifier `verbose`
B: [391, 392] PS: [26, 10] PE: [26, 11]       : `:`
B: [397, 426] PS: [27,  4] PE: [27, 33]       stmt: expr_stmt
B: [397, 426] PS: [27,  4] PE: [27, 33]         expr: expr
B: [397, 426] PS: [27,  4] PE: [27, 33]           delegate: ternary_expr
B: [397, 426] PS: [27,  4] PE: [27, 33]             delegate: or_expr
B: [397, 426] PS: [27,  4] PE: [27, 33]               delegate: and_expr
B: [397, 426] PS: [27,  4] PE: [27, 33]                 delegate: compare_expr
B: [397, 426] PS: [27,  4] PE: [27, 33]                   delegate: add_expr
B: [397, 426] PS: [27,  4] PE: [27, 33]                     delegate: mult_expr
B: [397, 426] PS: [27,  4] PE: [27, 33]                       delegate: unary_expr
B: [397, 426] PS: [27,  4] PE: [27, 33]                         delegate: fallback_expr
B: [397, 426] PS: [27,  4] PE: [27, 33]                           delegate: indexed_expr
B: [397, 426] PS: [27,  4] PE: [27, 33]                             root: primary_expr
B: [397, 426] PS: [27,  4] PE: [27, 33]                               call
B: [397, 402] PS: [27,  4] PE: [27,  9]                                 func: identifier `print`
B: [402, 403] PS: [27,  9] PE: [27, 10]                                 ( `(`
B: [403, 425] PS: [27, 10] PE: [27, 32]                                 arg: expr
B: [403, 425] PS: [27, 10] PE: [27, 32]                                   delegate: ternary_expr
B: [403, 425] PS: [27, 10] PE: [27, 32]                                     delegate: or_expr
B: [403, 425] PS: [27, 10] PE: [27, 32]                                       delegate: and_expr
B: [403, 425] PS: [27, 10] PE: [27, 32]                                         delegate: compare_expr
B: [403, 425] PS: [27, 10] PE: [27, 32]                                           delegate: add_expr
B: [403, 425] PS: [27, 10] PE: [27, 32]                                             delegate: mult_expr
B: [403, 425] PS: [27, 10] PE: [27, 32]                                               delegate: unary_expr
B: [403, 425] PS: [27, 10] PE: [27, 32]                                                 delegate: fallback_expr
B: [403, 425] PS: [27, 10] PE: [27, 32]                                                   delegate: indexed_expr
B: [403, 425] PS: [27, 10] PE: [27, 32]                                                     root: primary_expr
B: [403, 425] PS: [27, 10] PE: [27, 32]                                                       literal
B: [403, 425] PS: [27, 10] PE: [27, 32]                                                         string
B: [403, 404] PS: [27, 10] PE: [27, 11]                                                           start: string_start `"`
B: [404, 424] PS: [27, 11] PE: [27, 31]                                                           contents: string_contents
B: [404, 424] PS: [27, 11] PE: [27, 31]                                                             content: string_content `Verbose mode enabled`
B: [424, 425] PS: [27, 31] PE: [27, 32]                                                           end: string_end `"`
B: [425, 426] PS: [27, 32] PE: [27, 33]                                 ) `)`
B: [428, 516] PS: [29,  0] PE: [31, 26]   fn_named
B: [428, 430] PS: [29,  0] PE: [29,  2]     keyword: fn `fn`
B: [431, 437] PS: [29,  3] PE: [29,  9]     name: identifier `on_add`
B: [437, 438] PS: [29,  9] PE: [29, 10]     ( `(`
B: [438, 439] PS: [29, 10] PE: [29, 11]     ) `)`
B: [439, 440] PS: [29, 11] PE: [29, 12]     block_colon: : `:`
B: [445, 489] PS: [30,  4] PE: [30, 48]     comment `// verbose, config, file, force all in scope`
B: [494, 516] PS: [31,  4] PE: [31, 26]     stmt: expr_stmt
B: [494, 516] PS: [31,  4] PE: [31, 26]       expr: expr
B: [494, 516] PS: [31,  4] PE: [31, 26]         delegate: ternary_expr
B: [494, 516] PS: [31,  4] PE: [31, 26]           delegate: or_expr
B: [494, 516] PS: [31,  4] PE: [31, 26]             delegate: and_expr
B: [494, 516] PS: [31,  4] PE: [31, 26]               delegate: compare_expr
B: [494, 516] PS: [31,  4] PE: [31, 26]                 delegate: add_expr
B: [494, 516] PS: [31,  4] PE: [31, 26]                   delegate: mult_expr
B: [494, 516] PS: [31,  4] PE: [31, 26]                     delegate: unary_expr
B: [494, 516] PS: [31,  4] PE: [31, 26]                       delegate: fallback_expr
B: [494, 516] PS: [31,  4] PE: [31, 26]                         delegate: indexed_expr
B: [494, 516] PS: [31,  4] PE: [31, 26]                           root: primary_expr
B: [494, 516] PS: [31,  4] PE: [31, 26]                             call
B: [494, 499] PS: [31,  4] PE: [31,  9]                               func: identifier `print`
B: [499, 500] PS: [31,  9] PE: [31, 10]                               ( `(`
B: [500, 515] PS: [31, 10] PE: [31, 25]                               arg: expr
B: [500, 515] PS: [31, 10] PE: [31, 25]                                 delegate: ternary_expr
B: [500, 515] PS: [31, 10] PE: [31, 25]                                   delegate: or_expr
B: [500, 515] PS: [31, 10] PE: [31, 25]                                     delegate: and_expr
B: [500, 515] PS: [31, 10] PE: [31, 25]                                       delegate: compare_expr
B: [500, 515] PS: [31, 10] PE: [31, 25]                                         delegate: add_expr
B: [500, 515] PS: [31, 10] PE: [31, 25]                                           delegate: mult_expr
B: [500, 515] PS: [31, 10] PE: [31, 25]                                             delegate: unary_expr
B: [500, 515] PS: [31, 10] PE: [31, 25]                                               delegate: fallback_expr
B: [500, 515] PS: [31, 10] PE: [31, 25]                                                 delegate: indexed_expr
B: [500, 515] PS: [31, 10] PE: [31, 25]                                                   root: primary_expr
B: [500, 515] PS: [31, 10] PE: [31, 25]                                                     literal
B: [500, 515] PS: [31, 10] PE: [31, 25]                                                       string
B: [500, 501] PS: [31, 10] PE: [31, 11]                                                         start: string_start `"`
B: [501, 514] PS: [31, 11] PE: [31, 24]                                                         contents: string_contents
B: [501, 508] PS: [31, 11] PE: [31, 18]                                                           content: string_content `Adding `
B: [508, 514] PS: [31, 18] PE: [31, 24]                                                           interpolation: interpolation
B: [508, 509] PS: [31, 18] PE: [31, 19]                                                             { `{`
B: [509, 513] PS: [31, 19] PE: [31, 23]                                                             expr: expr
B: [509, 513] PS: [31, 19] PE: [31, 23]                                                               delegate: ternary_expr
B: [509, 513] PS: [31, 19] PE: [31, 23]                                                                 delegate: or_expr
B: [509, 513] PS: [31, 19] PE: [31, 23]                                                                   delegate: and_expr
B: [509, 513] PS: [31, 19] PE: [31, 23]                                                                     delegate: compare_expr
B: [509, 513] PS: [31, 19] PE: [31, 23]                                                                       delegate: add_expr
B: [509, 513] PS: [31, 19] PE: [31, 23]                                                                         delegate: mult_expr
B: [509, 513] PS: [31, 19] PE: [31, 23]                                                                           delegate: unary_expr
B: [509, 513] PS: [31, 19] PE: [31, 23]                                                                             delegate: fallback_expr
B: [509, 513] PS: [31, 19] PE: [31, 23]                                                                               delegate: var_path
B: [509, 513] PS: [31, 19] PE: [31, 23]                                                                                 root: identifier `file`
B: [513, 514] PS: [31, 23] PE: [31, 24]                                                             } `}`
B: [514, 515] PS: [31, 24] PE: [31, 25]                                                         end: string_end `"`
B: [515, 516] PS: [31, 25] PE: [31, 26]                               ) `)`
B: [518, 611] PS: [33,  0] PE: [35, 28]   fn_named
B: [518, 520] PS: [33,  0] PE: [33,  2]     keyword: fn `fn`
B: [521, 530] PS: [33,  3] PE: [33, 12]     name: identifier `on_remove`
B: [530, 531] PS: [33, 12] PE: [33, 13]     ( `(`
B: [531, 532] PS: [33, 13] PE: [33, 14]     ) `)`
B: [532, 533] PS: [33, 14] PE: [33, 15]     block_colon: : `:`
B: [538, 582] PS: [34,  4] PE: [34, 48]     comment `// verbose, config, file in scope (no force)`
B: [587, 611] PS: [35,  4] PE: [35, 28]     stmt: expr_stmt
B: [587, 611] PS: [35,  4] PE: [35, 28]       expr: expr
B: [587, 611] PS: [35,  4] PE: [35, 28]         delegate: ternary_expr
B: [587, 611] PS: [35,  4] PE: [35, 28]           delegate: or_expr
B: [587, 611] PS: [35,  4] PE: [35, 28]             delegate: and_expr
B: [587, 611] PS: [35,  4] PE: [35, 28]               delegate: compare_expr
B: [587, 611] PS: [35,  4] PE: [35, 28]                 delegate: add_expr
B: [587, 611] PS: [35,  4] PE: [35, 28]                   delegate: mult_expr
B: [587, 611] PS: [35,  4] PE: [35, 28]                     delegate: unary_expr
B: [587, 611] PS: [35,  4] PE: [35, 28]                       delegate: fallback_expr
B: [587, 611] PS: [35,  4] PE: [35, 28]                         delegate: indexed_expr
B: [587, 611] PS: [35,  4] PE: [35, 28]                           root: primary_expr
B: [587, 611] PS: [35,  4] PE: [35, 28]                             call
B: [587, 592] PS: [35,  4] PE: [35,  9]                               func: identifier `print`
B: [592, 593] PS: [35,  9] PE: [35, 10]                               ( `(`
B: [593, 610] PS: [35, 10] PE: [35, 27]                               arg: expr
B: [593, 610] PS: [35, 10] PE: [35, 27]                                 delegate: ternary_expr
B: [593, 610] PS: [35, 10] PE: [35, 27]                                   delegate: or_expr
B: [593, 610] PS: [35, 10] PE: [35, 27]                                     delegate: and_expr
B: [593, 610] PS: [35, 10] PE: [35, 27]                                       delegate: compare_expr
B: [593, 610] PS: [35, 10] PE: [35, 27]                                         delegate: add_expr
B: [593, 610] PS: [35, 10] PE: [35, 27]                                           delegate: mult_expr
B: [593, 610] PS: [35, 10] PE: [35, 27]                                             delegate: unary_expr
B: [593, 610] PS: [35, 10] PE: [35, 27]                                               delegate: fallback_expr
B: [593, 610] PS: [35, 10] PE: [35, 27]                                                 delegate: indexed_expr
B: [593, 610] PS: [35, 10] PE: [35, 27]                                                   root: primary_expr
B: [593, 610] PS: [35, 10] PE: [35, 27]                                                     literal
B: [593, 610] PS: [35, 10] PE: [35, 27]                                                       string
B: [593, 594] PS: [35, 10] PE: [35, 11]                                                         start: string_start `"`
B: [594, 609] PS: [35, 11] PE: [35, 26]                                                         contents: string_contents
B: [594, 603] PS: [35, 11] PE: [35, 20]                                                           content: string_content `Removing `
B: [603, 609] PS: [35, 20] PE: [35, 26]                                                           interpolation: interpolation
B: [603, 604] PS: [35, 20] PE: [35, 21]                                                             { `{`
B: [604, 608] PS: [35, 21] PE: [35, 25]                                                             expr: expr
B: [604, 608] PS: [35, 21] PE: [35, 25]                                                               delegate: ternary_expr
B: [604, 608] PS: [35, 21] PE: [35, 25]                                                                 delegate: or_expr
B: [604, 608] PS: [35, 21] PE: [35, 25]                                                                   delegate: and_expr
B: [604, 608] PS: [35, 21] PE: [35, 25]                                                                     delegate: compare_expr
B: [604, 608] PS: [35, 21] PE: [35, 25]                                                                       delegate: add_expr
B: [604, 608] PS: [35, 21] PE: [35, 25]                                                                         delegate: mult_expr
B: [604, 608] PS: [35, 21] PE: [35, 25]                                                                           delegate: unary_expr
B: [604, 608] PS: [35, 21] PE: [35, 25]                                                                             delegate: fallback_expr
B: [604, 608] PS: [35, 21] PE: [35, 25]                                                                               delegate: var_path
B: [604, 608] PS: [35, 21] PE: [35, 25]                                                                                 root: identifier `file`
B: [608, 609] PS: [35, 25] PE: [35, 26]                                                             } `}`
B: [609, 610] PS: [35, 26] PE: [35, 27]                                                         end: string_end `"`
B: [610, 611] PS: [35, 27] PE: [35, 28]                               ) `)`

### STDERR ###
PS: [ 0,  0] PE: [35, 28] SourceFile
PS: [ 1,  0] PE: [ 5,  0]   FileHeader "Script description"
PS: [ 5,  0] PE: [ 7, 28]   ArgBlock
PS: [ 6,  4] PE: [ 6, 18]     ArgDecl "verbose" type=bool
PS: [ 7,  4] PE: [ 7, 28]     ArgDecl "config" type=str
                              Default:
PS: [ 7, 17] PE: [ 7, 28]         LitString "~/.config"
PS: [ 9,  0] PE: [16, 16]   CmdBlock "add"
                            Description: "Add a file to the repository"
PS: [13,  4] PE: [13, 39]     ArgDecl "file" type=str
PS: [14,  4] PE: [14, 33]     ArgDecl "force" type=bool
                            Callback: on_add
PS: [18,  0] PE: [23, 19]   CmdBlock "remove"
                            Description: "Remove a file"
PS: [22,  4] PE: [22, 12]     ArgDecl "file" type=str
                            Callback: on_remove
PS: [25,  0] PE: [25, 19]   ExprStmt
PS: [25,  0] PE: [25, 19]     Call
PS: [25,  0] PE: [25, 11]       Identifier "load_config"
PS: [25, 12] PE: [25, 18]       Identifier "config"
PS: [26,  0] PE: [27, 33]   If
                            Branch 0 (cond)
PS: [26,  3] PE: [26, 10]       Identifier "verbose"
PS: [27,  4] PE: [27, 33]       ExprStmt
PS: [27,  4] PE: [27, 33]         Call
PS: [27,  4] PE: [27,  9]           Identifier "print"
PS: [27, 10] PE: [27, 32]           LitString "Verbose mode enabled"
PS: [29,  0] PE: [31, 26]   FnDef "on_add" block=true
PS: [31,  4] PE: [31, 26]     ExprStmt
PS: [31,  4] PE: [31, 26]       Call
PS: [31,  4] PE: [31,  9]         Identifier "print"
PS: [31, 10] PE: [31, 25]         LitString (interpolated, 2 segments)
                                  Literal "Adding "
                                  Interpolation
PS: [31, 19] PE: [31, 23]             Identifier "file"
PS: [33,  0] PE: [35, 28]   FnDef "on_remove" block=true
PS: [35,  4] PE: [35, 28]     ExprStmt
PS: [35,  4] PE: [35, 28]       Call
PS: [35,  4] PE: [35,  9]         Identifier "print"
PS: [35, 10] PE: [35, 27]         LitString (interpolated, 2 segments)
                                  Literal "Removing "
                                  Interpolation
PS: [35, 21] PE: [35, 25]             Identifier "file"

